To honour the JVM settings for this build a single-use Daemon process will be forked. For more on this, please refer to https://docs.gradle.org/9.6.1/userguide/gradle_daemon.html#sec:disabling_the_daemon in the Gradle documentation.
Daemon will be stopped at the end of the build 

> Configure project :app
WARNING: The option setting 'android.builtInKotlin=false' is deprecated.
The current default is 'true'.
It will be removed in version 10.0 of the Android Gradle plugin.
Add android.sync.suppressAgpWarnings=UNSUPPORTED_PROJECT_OPTION_USE to the gradle.properties file to suppress this warning.
WARNING: The option setting 'android.newDsl=false' is deprecated.
The current default is 'true'.
It will be removed in version 10.0 of the Android Gradle plugin.
Add android.sync.suppressAgpWarnings=UNSUPPORTED_PROJECT_OPTION_USE to the gradle.properties file to suppress this warning.
WARNING: API 'applicationVariants' is obsolete and has been replaced with 'AndroidComponentsExtension'.
It will be removed in version 10.0 of the Android Gradle plugin.
The legacy variant API is disabled by default in AGP 9.0, but can be re-enabled by adding 
    android.newDsl=false
to this project's gradle.properties file.
For more information, see http://developer.android.com/build/r/new-dsl.

To determine what is calling applicationVariants, use -Pandroid.debug.obsoleteApi=true on the command line to display more information.
Add android.sync.suppressAgpWarnings=DEPRECATED_DSL to the gradle.properties file to suppress this warning.
WARNING: API 'testVariants' is obsolete and has been replaced with 'AndroidComponentsExtension'.
It will be removed in version 10.0 of the Android Gradle plugin.
The legacy variant API is disabled by default in AGP 9.0, but can be re-enabled by adding 
    android.newDsl=false
to this project's gradle.properties file.
For more information, see http://developer.android.com/build/r/new-dsl.

To determine what is calling testVariants, use -Pandroid.debug.obsoleteApi=true on the command line to display more information.
Add android.sync.suppressAgpWarnings=DEPRECATED_DSL to the gradle.properties file to suppress this warning.
WARNING: API 'unitTestVariants' is obsolete and has been replaced with 'AndroidComponentsExtension'.
It will be removed in version 10.0 of the Android Gradle plugin.
The legacy variant API is disabled by default in AGP 9.0, but can be re-enabled by adding 
    android.newDsl=false
to this project's gradle.properties file.
For more information, see http://developer.android.com/build/r/new-dsl.

To determine what is calling unitTestVariants, use -Pandroid.debug.obsoleteApi=true on the command line to display more information.
Add android.sync.suppressAgpWarnings=DEPRECATED_DSL to the gradle.properties file to suppress this warning.
w: [33m[1m⚠️ Deprecated 'org.jetbrains.kotlin.android' plugin usage[0m[0m
The 'org.jetbrains.kotlin.android' plugin in project ':app' is no longer required for Kotlin support since AGP 9.0.
[32m[1mSolution:[0m[0m
[32m[3mRemove both `android.builtInKotlin=true` and `android.newDsl=false` from `gradle.properties`, then migrate to built-in Kotlin.[0m[0m
[36mSee [0m[34mhttps://kotl.in/gradle/agp-built-in-kotlin[0m[36m for more details.[0m

Checking the license for package Android SDK Platform 37.0 in /workspace/scratch/a4bbe208b4ff/toolchain/android-sdk/licenses
License for package Android SDK Platform 37.0 accepted.
Preparing "Install Android SDK Platform 37.0 (revision 2)".
Warning: Package "Android SDK Platform 37.0" (platforms;android-37.0) should be installed in 
"/workspace/scratch/a4bbe208b4ff/toolchain/android-sdk/platforms/android-37.0" but 
it already exists.
Installing in "/workspace/scratch/a4bbe208b4ff/toolchain/android-sdk/platforms/android-37.0-2" instead.
"Install Android SDK Platform 37.0 (revision 2)" ready.
Installing Android SDK Platform 37.0 in /workspace/scratch/a4bbe208b4ff/toolchain/android-sdk/platforms/android-37.0-2
"Install Android SDK Platform 37.0 (revision 2)" complete.
"Install Android SDK Platform 37.0 (revision 2)" finished.
Observed package id 'platforms;android-37.0' in inconsistent location '/workspace/scratch/a4bbe208b4ff/toolchain/android-sdk/platforms/android-37.0-2' (Expected '/workspace/scratch/a4bbe208b4ff/toolchain/android-sdk/platforms/android-37.0')

> Task :app:preBuild UP-TO-DATE
> Task :app:preDebugBuild UP-TO-DATE
> Task :app:mergeDebugNativeDebugMetadata NO-SOURCE
> Task :app:checkKotlinGradlePluginConfigurationErrors SKIPPED
> Task :app:generateDebugBuildConfig
> Task :app:generateDebugResources
> Task :app:injectCrashlyticsMappingFileIdDebug
> Task :app:injectCrashlyticsVersionControlInfoDebug
> Task :app:packageDebugResources
> Task :app:processDebugNavigationResources
> Task :app:parseDebugLocalResources
> Task :app:javaPreCompileDebug
> Task :app:generateDebugAssets UP-TO-DATE
> Task :app:generateDebugRFile
> Task :app:mergeDebugAssets
> Task :app:kspDebugKotlin
> Task :app:compressDebugAssets
> Task :app:generateDebugGlobalSynthetics
> Task :app:checkDebugDuplicateClasses
> Task :app:desugarDebugFileDependencies
> Task :app:mergeExtDexDebug
> Task :app:compileDebugKotlin
> Task :app:mergeLibDexDebug
> Task :app:checkDebugAarMetadata
> Task :app:mapDebugSourceSetPaths FAILED

> Task :app:compileDebugKotlin
e: file:///workspace/scratch/a4bbe208b4ff/CRYONUM-App-Android/app/src/main/java/com/cryonum/managers/ImagePicker.kt:196:43 None of the following candidates is applicable:

constructor(p0: String): ExifInterface:
  Argument type mismatch: actual type is 'File!', but 'String' was expected.

constructor(p0: InputStream): ExifInterface:
  Argument type mismatch: actual type is 'File!', but 'InputStream' was expected.
e: file:///workspace/scratch/a4bbe208b4ff/CRYONUM-App-Android/app/src/main/java/com/cryonum/managers/ImagePicker.kt:196:63 Unresolved reference 'getAttributeInt'.

> Task :app:compileDebugKotlin FAILED

[Incubating] Problems report is available at: file:///workspace/scratch/a4bbe208b4ff/CRYONUM-App-Android/build/reports/problems/problems-report.html

FAILURE: Build completed with 2 failures.

1: Task failed with an exception.
-----------
* What went wrong:
Execution failed for task ':app:mapDebugSourceSetPaths' (registered by plugin 'com.android.internal.application').
> Error while evaluating property 'allGeneratedRes' of task ':app:mapDebugSourceSetPaths'.
   > Failed to calculate the value of task ':app:mapDebugSourceSetPaths' property 'allGeneratedRes'.
      > Querying the mapped value of list(interface org.gradle.api.file.Directory, item(flatmap(provider(task 'processDebugGoogleServices', class com.google.gms.googleservices.GoogleServicesTask))) + item(flatmap(provider(task 'injectCrashlyticsVersionControlInfoDebug', class com.google.firebase.crashlytics.buildtools.gradle.tasks.InjectVersionControlInfoTask))) + item(flatmap(provider(task 'injectCrashlyticsMappingFileIdDebug', class com.google.firebase.crashlytics.buildtools.gradle.tasks.InjectMappingFileIdTask)))) before task ':app:processDebugGoogleServices' has completed is not supported

* Try:
> Run with --stacktrace option to get the stack trace.
> Run with --info or --debug option to get more log output.
> Run with --scan to get full insights from a Build Scan (powered by Develocity).
> Get more help at https://help.gradle.org.
==============================================================================

2: Task failed with an exception.
-----------
* What went wrong:
Execution failed for task ':app:compileDebugKotlin' (registered by plugin 'org.jetbrains.kotlin.android').
> A failure occurred while executing org.jetbrains.kotlin.compilerRunner.btapi.BuildToolsApiCompilationWork
   > Compilation error. See log for more details

* Try:
> Run with --stacktrace option to get the stack trace.
> Run with --info or --debug option to get more log output.
> Run with --scan to get full insights from a Build Scan (powered by Develocity).
> Get more help at https://help.gradle.org.
==============================================================================

BUILD FAILED in 5m 7s
20 actionable tasks: 20 executed
