To honour the JVM settings for this build a single-use Daemon process will be forked. For more on this, please refer to https://docs.gradle.org/9.6.1/userguide/gradle_daemon.html#sec:disabling_the_daemon in the Gradle documentation.
Daemon will be stopped at the end of the build 

> Configure project :app
WARNING: The option setting 'android.builtInKotlin=false' is deprecated.
The current default is 'true'.
It will be removed in version 10.0 of the Android Gradle plugin.
Add android.sync.suppressAgpWarnings=UNSUPPORTED_PROJECT_OPTION_USE to the gradle.properties file to suppress this warning.
WARNING: The option setting 'android.newDsl=false' is deprecated.
The current default is 'true'.
It will be removed in version 10.0 of the Android Gradle plugin.
Add android.sync.suppressAgpWarnings=UNSUPPORTED_PROJECT_OPTION_USE to the gradle.properties file to suppress this warning.
WARNING: API 'applicationVariants' is obsolete and has been replaced with 'AndroidComponentsExtension'.
It will be removed in version 10.0 of the Android Gradle plugin.
The legacy variant API is disabled by default in AGP 9.0, but can be re-enabled by adding 
    android.newDsl=false
to this project's gradle.properties file.
For more information, see http://developer.android.com/build/r/new-dsl.

To determine what is calling applicationVariants, use -Pandroid.debug.obsoleteApi=true on the command line to display more information.
Add android.sync.suppressAgpWarnings=DEPRECATED_DSL to the gradle.properties file to suppress this warning.
WARNING: API 'testVariants' is obsolete and has been replaced with 'AndroidComponentsExtension'.
It will be removed in version 10.0 of the Android Gradle plugin.
The legacy variant API is disabled by default in AGP 9.0, but can be re-enabled by adding 
    android.newDsl=false
to this project's gradle.properties file.
For more information, see http://developer.android.com/build/r/new-dsl.

To determine what is calling testVariants, use -Pandroid.debug.obsoleteApi=true on the command line to display more information.
Add android.sync.suppressAgpWarnings=DEPRECATED_DSL to the gradle.properties file to suppress this warning.
WARNING: API 'unitTestVariants' is obsolete and has been replaced with 'AndroidComponentsExtension'.
It will be removed in version 10.0 of the Android Gradle plugin.
The legacy variant API is disabled by default in AGP 9.0, but can be re-enabled by adding 
    android.newDsl=false
to this project's gradle.properties file.
For more information, see http://developer.android.com/build/r/new-dsl.

To determine what is calling unitTestVariants, use -Pandroid.debug.obsoleteApi=true on the command line to display more information.
Add android.sync.suppressAgpWarnings=DEPRECATED_DSL to the gradle.properties file to suppress this warning.
w: file:///workspace/scratch/a4bbe208b4ff/CRYONUM-App-Android/app/build.gradle.kts:50:1: 'fun Project.android(configure: Action<BaseAppModuleExtension>): Unit' is deprecated. Replaced by com.android.build.api.dsl.ApplicationExtension.
This class is not used for the public extensions in AGP when android.newDsl=true, which is the default in AGP 9.0, and will be removed in AGP 10.0.
w: [33m[1m⚠️ Deprecated 'org.jetbrains.kotlin.android' plugin usage[0m[0m
The 'org.jetbrains.kotlin.android' plugin in project ':app' is no longer required for Kotlin support since AGP 9.0.
[32m[1mSolution:[0m[0m
[32m[3mRemove both `android.builtInKotlin=true` and `android.newDsl=false` from `gradle.properties`, then migrate to built-in Kotlin.[0m[0m
[36mSee [0m[34mhttps://kotl.in/gradle/agp-built-in-kotlin[0m[36m for more details.[0m

Observed package id 'platforms;android-37.0' in inconsistent location '/workspace/scratch/a4bbe208b4ff/toolchain/android-sdk/platforms/android-37.0-2' (Expected '/workspace/scratch/a4bbe208b4ff/toolchain/android-sdk/platforms/android-37.0')

> Task :app:preBuild UP-TO-DATE
> Task :app:preDebugBuild UP-TO-DATE
> Task :app:mergeDebugNativeDebugMetadata NO-SOURCE
> Task :app:checkKotlinGradlePluginConfigurationErrors SKIPPED
> Task :app:generateDebugBuildConfig
> Task :app:generateDebugResources
> Task :app:packageDebugResources
> Task :app:processDebugNavigationResources
> Task :app:javaPreCompileDebug UP-TO-DATE
> Task :app:generateDebugAssets UP-TO-DATE
> Task :app:parseDebugLocalResources
> Task :app:mergeDebugAssets UP-TO-DATE
> Task :app:compressDebugAssets UP-TO-DATE
> Task :app:generateDebugGlobalSynthetics UP-TO-DATE
> Task :app:generateDebugRFile
> Task :app:checkDebugDuplicateClasses
> Task :app:desugarDebugFileDependencies UP-TO-DATE
> Task :app:kspDebugKotlin
> Task :app:mergeExtDexDebug
> Task :app:mergeLibDexDebug UP-TO-DATE
> Task :app:checkDebugAarMetadata
> Task :app:mapDebugSourceSetPaths
> Task :app:compileDebugNavigationResources
> Task :app:mergeDebugResources
> Task :app:createDebugCompatibleScreenManifests
> Task :app:extractDeepLinksDebug

> Task :app:processDebugMainManifest
package="com.cryonum" found in source AndroidManifest.xml: /workspace/scratch/a4bbe208b4ff/CRYONUM-App-Android/app/src/main/AndroidManifest.xml.
Setting the namespace via the package attribute in the source AndroidManifest.xml is no longer supported, and the value is ignored.
Recommendation: remove package="com.cryonum" from the source AndroidManifest.xml: /workspace/scratch/a4bbe208b4ff/CRYONUM-App-Android/app/src/main/AndroidManifest.xml.

> Task :app:processDebugManifest
> Task :app:processDebugManifestForPackage
> Task :app:processDebugResources
> Task :app:mergeDebugJniLibFolders
> Task :app:mergeDebugNativeLibs

> Task :app:stripDebugDebugSymbols
Unable to strip the following libraries, packaging them as they are: libandroidx.graphics.path.so, libdatastore_shared_counter.so, libmlkit_google_ocr_pipeline.so. Run with --info option to learn more.

> Task :app:validateSigningDebug
> Task :app:writeDebugAppMetadata
> Task :app:writeDebugSigningConfigVersions
> Task :app:preDebugUnitTestBuild UP-TO-DATE
> Task :app:javaPreCompileDebugUnitTest
> Task :app:preDebugAndroidTestBuild SKIPPED
> Task :app:extractProguardFiles
> Task :app:compileDebugKotlin
w: file:///workspace/scratch/a4bbe208b4ff/CRYONUM-App-Android/app/src/main/java/com/cryonum/managers/AnalyticsManager.kt:226:29 'field versionCode: Int' is deprecated. Deprecated in Java.
w: file:///workspace/scratch/a4bbe208b4ff/CRYONUM-App-Android/app/src/main/java/com/cryonum/ui/theme/Theme.kt:75:24 'var statusBarColor: Int' is deprecated. Deprecated in Java.
w: file:///workspace/scratch/a4bbe208b4ff/CRYONUM-App-Android/app/src/main/java/com/cryonum/ui/theme/Theme.kt:76:24 'var navigationBarColor: Int' is deprecated. Deprecated in Java.

> Task :app:compileDebugJavaWithJavac
> Task :app:processDebugJavaRes
> Task :app:mergeDebugJavaResource
> Task :app:dexBuilderDebug
> Task :app:mergeProjectDexDebug
> Task :app:bundleDebugClassesToRuntimeJar
> Task :app:bundleDebugClassesToCompileJar
> Task :app:packageDebug
> Task :app:createDebugApkListingFileRedirect
> Task :app:assembleDebug
> Task :app:kspDebugUnitTestKotlin
> Task :app:generateDebugAndroidTestLintModel
> Task :app:generateDebugLintReportModel
> Task :app:generateDebugUnitTestLintModel

> Task :app:compileDebugUnitTestKotlin
w: file:///workspace/scratch/a4bbe208b4ff/CRYONUM-App-Android/app/src/test/java/com/cryonum/content/ContentStorageMigrationTest.kt:15:24 Only safe (?.) or non-null asserted (!!.) calls are allowed on a nullable receiver of type 'File?'.
w: file:///workspace/scratch/a4bbe208b4ff/CRYONUM-App-Android/app/src/test/java/com/cryonum/content/ContentStorageMigrationTest.kt:33:24 Only safe (?.) or non-null asserted (!!.) calls are allowed on a nullable receiver of type 'File?'.
w: file:///workspace/scratch/a4bbe208b4ff/CRYONUM-App-Android/app/src/test/java/com/cryonum/content/ContentStorageMigrationTest.kt:37:24 Only safe (?.) or non-null asserted (!!.) calls are allowed on a nullable receiver of type 'File?'.

> Task :app:lintAnalyzeDebug
> Task :app:compileDebugUnitTestJavaWithJavac NO-SOURCE
> Task :app:processDebugUnitTestJavaRes
> Task :app:testDebugUnitTest
> Task :app:lintAnalyzeDebugAndroidTest
> Task :app:lintAnalyzeDebugUnitTest

> Task :app:lintReportDebug
Wrote HTML report to file:///workspace/scratch/a4bbe208b4ff/CRYONUM-App-Android/app/build/reports/lint-results-debug.html
Wrote SARIF report to file:///workspace/scratch/a4bbe208b4ff/CRYONUM-App-Android/app/build/reports/lint-results-debug.sarif

> Task :app:lintDebug

[Incubating] Problems report is available at: file:///workspace/scratch/a4bbe208b4ff/CRYONUM-App-Android/build/reports/problems/problems-report.html

BUILD SUCCESSFUL in 5m 27s
55 actionable tasks: 49 executed, 6 up-to-date
Consider enabling configuration cache to speed up this build: https://docs.gradle.org/9.6.1/userguide/configuration_cache_enabling.html
