To honour the JVM settings for this build a single-use Daemon process will be forked. For more on this, please refer to https://docs.gradle.org/9.6.1/userguide/gradle_daemon.html#sec:disabling_the_daemon in the Gradle documentation.
Daemon will be stopped at the end of the build 

> Configure project :app
WARNING: The option setting 'android.builtInKotlin=false' is deprecated.
The current default is 'true'.
It will be removed in version 10.0 of the Android Gradle plugin.
Add android.sync.suppressAgpWarnings=UNSUPPORTED_PROJECT_OPTION_USE to the gradle.properties file to suppress this warning.
WARNING: The option setting 'android.newDsl=false' is deprecated.
The current default is 'true'.
It will be removed in version 10.0 of the Android Gradle plugin.
Add android.sync.suppressAgpWarnings=UNSUPPORTED_PROJECT_OPTION_USE to the gradle.properties file to suppress this warning.
WARNING: API 'applicationVariants' is obsolete and has been replaced with 'AndroidComponentsExtension'.
It will be removed in version 10.0 of the Android Gradle plugin.
The legacy variant API is disabled by default in AGP 9.0, but can be re-enabled by adding 
    android.newDsl=false
to this project's gradle.properties file.
For more information, see http://developer.android.com/build/r/new-dsl.

To determine what is calling applicationVariants, use -Pandroid.debug.obsoleteApi=true on the command line to display more information.
Add android.sync.suppressAgpWarnings=DEPRECATED_DSL to the gradle.properties file to suppress this warning.
WARNING: API 'testVariants' is obsolete and has been replaced with 'AndroidComponentsExtension'.
It will be removed in version 10.0 of the Android Gradle plugin.
The legacy variant API is disabled by default in AGP 9.0, but can be re-enabled by adding 
    android.newDsl=false
to this project's gradle.properties file.
For more information, see http://developer.android.com/build/r/new-dsl.

To determine what is calling testVariants, use -Pandroid.debug.obsoleteApi=true on the command line to display more information.
Add android.sync.suppressAgpWarnings=DEPRECATED_DSL to the gradle.properties file to suppress this warning.
WARNING: API 'unitTestVariants' is obsolete and has been replaced with 'AndroidComponentsExtension'.
It will be removed in version 10.0 of the Android Gradle plugin.
The legacy variant API is disabled by default in AGP 9.0, but can be re-enabled by adding 
    android.newDsl=false
to this project's gradle.properties file.
For more information, see http://developer.android.com/build/r/new-dsl.

To determine what is calling unitTestVariants, use -Pandroid.debug.obsoleteApi=true on the command line to display more information.
Add android.sync.suppressAgpWarnings=DEPRECATED_DSL to the gradle.properties file to suppress this warning.
w: [33m[1m⚠️ Deprecated 'org.jetbrains.kotlin.android' plugin usage[0m[0m
The 'org.jetbrains.kotlin.android' plugin in project ':app' is no longer required for Kotlin support since AGP 9.0.
[32m[1mSolution:[0m[0m
[32m[3mRemove both `android.builtInKotlin=true` and `android.newDsl=false` from `gradle.properties`, then migrate to built-in Kotlin.[0m[0m
[36mSee [0m[34mhttps://kotl.in/gradle/agp-built-in-kotlin[0m[36m for more details.[0m

Observed package id 'platforms;android-37.0' in inconsistent location '/workspace/scratch/a4bbe208b4ff/toolchain/android-sdk/platforms/android-37.0-2' (Expected '/workspace/scratch/a4bbe208b4ff/toolchain/android-sdk/platforms/android-37.0')

> Task :app:preBuild UP-TO-DATE
> Task :app:preDebugBuild UP-TO-DATE
> Task :app:mergeDebugNativeDebugMetadata NO-SOURCE
> Task :app:checkKotlinGradlePluginConfigurationErrors SKIPPED
> Task :app:generateDebugBuildConfig UP-TO-DATE
> Task :app:generateDebugResources UP-TO-DATE
> Task :app:packageDebugResources UP-TO-DATE
> Task :app:processDebugNavigationResources UP-TO-DATE
> Task :app:parseDebugLocalResources UP-TO-DATE
> Task :app:generateDebugRFile UP-TO-DATE
> Task :app:javaPreCompileDebug UP-TO-DATE
> Task :app:generateDebugAssets UP-TO-DATE
> Task :app:mergeDebugAssets UP-TO-DATE
> Task :app:compressDebugAssets UP-TO-DATE
> Task :app:generateDebugGlobalSynthetics UP-TO-DATE
> Task :app:checkDebugDuplicateClasses UP-TO-DATE
> Task :app:desugarDebugFileDependencies UP-TO-DATE
> Task :app:mergeExtDexDebug UP-TO-DATE
> Task :app:mergeLibDexDebug UP-TO-DATE
> Task :app:checkDebugAarMetadata UP-TO-DATE
> Task :app:mapDebugSourceSetPaths UP-TO-DATE
> Task :app:compileDebugNavigationResources UP-TO-DATE
> Task :app:mergeDebugResources UP-TO-DATE
> Task :app:createDebugCompatibleScreenManifests UP-TO-DATE
> Task :app:extractDeepLinksDebug UP-TO-DATE
> Task :app:processDebugMainManifest UP-TO-DATE
> Task :app:processDebugManifest UP-TO-DATE
> Task :app:processDebugManifestForPackage UP-TO-DATE
> Task :app:processDebugResources UP-TO-DATE
> Task :app:mergeDebugJniLibFolders UP-TO-DATE
> Task :app:mergeDebugNativeLibs UP-TO-DATE
> Task :app:stripDebugDebugSymbols UP-TO-DATE
> Task :app:validateSigningDebug UP-TO-DATE
> Task :app:writeDebugAppMetadata UP-TO-DATE
> Task :app:writeDebugSigningConfigVersions UP-TO-DATE
> Task :app:preDebugUnitTestBuild UP-TO-DATE
> Task :app:javaPreCompileDebugUnitTest UP-TO-DATE
> Task :app:preDebugAndroidTestBuild SKIPPED
> Task :app:extractProguardFiles UP-TO-DATE
> Task :app:preReleaseBuild UP-TO-DATE
> Task :app:mergeReleaseJniLibFolders UP-TO-DATE
> Task :app:mergeReleaseNativeLibs UP-TO-DATE
> Task :app:stripReleaseDebugSymbols UP-TO-DATE
> Task :app:extractReleaseNativeSymbolTables UP-TO-DATE
> Task :app:mergeReleaseNativeDebugMetadata NO-SOURCE
> Task :app:buildKotlinToolingMetadata UP-TO-DATE
> Task :app:checkReleaseDuplicateClasses UP-TO-DATE
> Task :app:generateReleaseBuildConfig UP-TO-DATE
> Task :app:generateReleaseResources UP-TO-DATE
> Task :app:packageReleaseResources UP-TO-DATE
> Task :app:processReleaseNavigationResources UP-TO-DATE
> Task :app:parseReleaseLocalResources UP-TO-DATE
> Task :app:generateReleaseRFile UP-TO-DATE
> Task :app:kspReleaseKotlin
> Task :app:kspDebugKotlin

> Task :app:compileDebugKotlin
e: file:///workspace/scratch/a4bbe208b4ff/CRYONUM-App-Android/app/src/main/java/com/cryonum/pdf/PdfViewerScreen.kt:54:1 Conflicting overloads:
fun PdfViewerScreen(filePath: String, shouldShowAcceptDialogOnScrollEnd: Boolean, onBack: () -> Unit, onShowAcceptDialog: () -> Unit, onPdfError: () -> Unit, isFirstLaunchMode: Boolean = ..., fromDialogViewAction: Boolean = ..., policyVersionToAccept: Int? = ..., onLaunchViewer: (Boolean) -> Unit = ..., onExitApp: () -> Unit = ...): Unit
e: file:///workspace/scratch/a4bbe208b4ff/CRYONUM-App-Android/app/src/main/java/com/cryonum/pdf/PdfViewerScreen.kt:334:1 Conflicting overloads:
fun PdfViewerScreenPreview(): Unit
e: file:///workspace/scratch/a4bbe208b4ff/CRYONUM-App-Android/app/src/main/java/com/cryonum/pdf/PdfViewerScreen.kt:336:9 Overload resolution ambiguity between candidates:
fun PdfViewerScreen(filePath: String, shouldShowAcceptDialogOnScrollEnd: Boolean, onBack: () -> Unit, onShowAcceptDialog: () -> Unit, onPdfError: () -> Unit, isFirstLaunchMode: Boolean = ..., fromDialogViewAction: Boolean = ..., policyVersionToAccept: Int? = ..., onLaunchViewer: (Boolean) -> Unit = ..., onExitApp: () -> Unit = ...): Unit
fun PdfViewerScreen(filePath: String, shouldShowAcceptDialogOnScrollEnd: Boolean, onBack: () -> Unit, onShowAcceptDialog: () -> Unit, onPdfError: () -> Unit, isFirstLaunchMode: Boolean = ..., fromDialogViewAction: Boolean = ..., policyVersionToAccept: Int? = ..., onLaunchViewer: (Boolean) -> Unit = ..., onExitApp: () -> Unit = ...): Unit

> Task :app:compileDebugKotlin FAILED

> Task :app:compileReleaseKotlin FAILED
e: file:///workspace/scratch/a4bbe208b4ff/CRYONUM-App-Android/app/src/main/java/com/cryonum/pdf/PdfViewerScreen.kt:54:1 Conflicting overloads:
fun PdfViewerScreen(filePath: String, shouldShowAcceptDialogOnScrollEnd: Boolean, onBack: () -> Unit, onShowAcceptDialog: () -> Unit, onPdfError: () -> Unit, isFirstLaunchMode: Boolean = ..., fromDialogViewAction: Boolean = ..., policyVersionToAccept: Int? = ..., onLaunchViewer: (Boolean) -> Unit = ..., onExitApp: () -> Unit = ...): Unit
e: file:///workspace/scratch/a4bbe208b4ff/CRYONUM-App-Android/app/src/main/java/com/cryonum/pdf/PdfViewerScreen.kt:334:1 Conflicting overloads:
fun PdfViewerScreenPreview(): Unit
e: file:///workspace/scratch/a4bbe208b4ff/CRYONUM-App-Android/app/src/main/java/com/cryonum/pdf/PdfViewerScreen.kt:336:9 Overload resolution ambiguity between candidates:
fun PdfViewerScreen(filePath: String, shouldShowAcceptDialogOnScrollEnd: Boolean, onBack: () -> Unit, onShowAcceptDialog: () -> Unit, onPdfError: () -> Unit, isFirstLaunchMode: Boolean = ..., fromDialogViewAction: Boolean = ..., policyVersionToAccept: Int? = ..., onLaunchViewer: (Boolean) -> Unit = ..., onExitApp: () -> Unit = ...): Unit
fun PdfViewerScreen(filePath: String, shouldShowAcceptDialogOnScrollEnd: Boolean, onBack: () -> Unit, onShowAcceptDialog: () -> Unit, onPdfError: () -> Unit, isFirstLaunchMode: Boolean = ..., fromDialogViewAction: Boolean = ..., policyVersionToAccept: Int? = ..., onLaunchViewer: (Boolean) -> Unit = ..., onExitApp: () -> Unit = ...): Unit

[Incubating] Problems report is available at: file:///workspace/scratch/a4bbe208b4ff/CRYONUM-App-Android/build/reports/problems/problems-report.html

FAILURE: Build completed with 2 failures.

1: Task failed with an exception.
-----------
* What went wrong:
Execution failed for task ':app:compileReleaseKotlin' (registered by plugin 'org.jetbrains.kotlin.android').
> A failure occurred while executing org.jetbrains.kotlin.compilerRunner.btapi.BuildToolsApiCompilationWork
   > Compilation error. See log for more details

* Try:
> Run with --stacktrace option to get the stack trace.
> Run with --info or --debug option to get more log output.
> Run with --scan to get full insights from a Build Scan (powered by Develocity).
> Get more help at https://help.gradle.org.
==============================================================================

2: Task failed with an exception.
-----------
* What went wrong:
Execution failed for task ':app:compileDebugKotlin' (registered by plugin 'org.jetbrains.kotlin.android').
> A failure occurred while executing org.jetbrains.kotlin.compilerRunner.btapi.BuildToolsApiCompilationWork
   > Compilation error. See log for more details

* Try:
> Run with --stacktrace option to get the stack trace.
> Run with --info or --debug option to get more log output.
> Run with --scan to get full insights from a Build Scan (powered by Develocity).
> Get more help at https://help.gradle.org.
==============================================================================

BUILD FAILED in 26s
48 actionable tasks: 4 executed, 44 up-to-date
